// Vitest Snapshot v1, https://vitest.dev/guide/snapshot.html

exports[`generates ToC html > toc.html 1`] = `
"<html lang=\\"ja\\"
  ><head
    ><meta charset=\\"utf-8\\" /><title>Book title</title
    ><style data-vv-style=\\"\\">
      :root {
        break-before: recto;
      }
      @page :nth(1) {
        --vs-document-first-page-counter-reset: page 0;
        counter-reset: var(--vs-document-first-page-counter-reset);
      }</style
    ><link
      rel=\\"publication\\"
      type=\\"application/ld+json\\"
      href=\\"publication.json\\" /></head
  ><body
    ><h1>Book title</h1
    ><nav id=\\"toc\\" role=\\"doc-toc\\"
      ><h2>Table of Contents</h2
      ><ol
        ><li><a href=\\"empty.html\\">Title</a></li></ol
      ></nav
    ></body
  ></html
>
"
`;
